cargo :    Compiling stable_deref_trait v1.2.1
Au caractère Ligne:1 : 1
+ cargo check > build_error.log 2>&1
+ ~~~~~~~~~~~~~~~~~~~~~~~~~~~~~~~~~~
    + CategoryInfo          : NotSpecified: (   C 
   ompiling stable_deref_trait v1.2.1:String) []  
  , RemoteException
    + FullyQualifiedErrorId : NativeCommandError
 
    Checking smallvec v1.15.1
    Checking windows-link v0.2.1
    Checking futures-core v0.3.31
    Checking pin-project-lite v0.2.16
    Checking cfg-if v1.0.4
    Checking scopeguard v1.2.0
    Checking itoa v1.0.15
   Compiling zerofrom v0.1.6
    Checking bytes v1.11.0
    Checking windows-sys v0.61.2
    Checking windows_x86_64_msvc v0.53.1
    Checking futures-sink v0.3.31
   Compiling writeable v0.6.2
    Checking lock_api v0.4.14
   Compiling yoke v0.8.1
   Compiling litemap v0.8.1
    Checking serde_core v1.0.228
    Checking windows-targets v0.53.5
    Checking parking_lot_core v0.9.12
    Checking once_cell v1.21.3
   Compiling zerovec v0.11.5
   Compiling zerotrie v0.2.3
    Checking windows-sys v0.60.2
   Compiling typenum v1.19.0
    Checking tracing-core v0.1.35
    Checking parking_lot v0.12.5
    Checking pin-utils v0.1.0
    Checking log v0.4.28
    Checking tinystr v0.8.2
   Compiling potential_utf v0.1.4
   Compiling generic-array v0.14.7
   Compiling icu_collections v2.1.1
   Compiling icu_locale_core v2.1.1
   Compiling icu_normalizer_data v2.1.1
   Compiling icu_properties_data v2.1.1
    Checking memchr v2.7.6
    Checking icu_provider v2.1.1
    Checking socket2 v0.6.1
   Compiling crossbeam-utils v0.8.21
    Checking serde v1.0.228
   Compiling icu_properties v2.1.1
   Compiling icu_normalizer v2.1.1
    Checking slab v0.4.11
    Checking futures-io v0.3.31
   Compiling percent-encoding v2.3.2
   Compiling equivalent v1.0.2
    Checking mio v1.1.0
    Checking futures-task v0.3.31
   Compiling block-buffer v0.10.4
    Checking futures-util v0.3.31
   Compiling form_urlencoded v1.2.2
   Compiling crypto-common v0.1.7
    Checking tracing v0.1.43
    Checking http v1.4.0
    Checking tokio v1.48.0
   Compiling num-traits v0.2.19
   Compiling idna_adapter v1.2.1
   Compiling ryu v1.0.20
   Compiling allocator-api2 v0.2.21
   Compiling foldhash v0.1.5
   Compiling utf8_iter v1.0.4
    Checking http-body v1.0.1
   Compiling hashbrown v0.15.5
   Compiling idna v1.1.0
   Compiling digest v0.10.7
   Compiling concurrent-queue v2.5.0
   Compiling parking v2.2.1
    Checking subtle v2.6.1
   Compiling crc-catalog v2.4.0
   Compiling cpufeatures v0.2.17
   Compiling hashbrown v0.16.1
   Compiling sha2 v0.10.9
   Compiling crc v3.4.0
   Compiling event-listener v5.4.1
   Compiling hashlink v0.10.0
   Compiling url v2.5.7
   Compiling futures-intrusive v0.5.0
   Compiling chrono v0.4.42
   Compiling either v1.15.0
   Compiling serde_json v1.0.145
   Compiling indexmap v2.12.1
   Compiling crossbeam-queue v0.3.12
   Compiling spin v0.9.8
   Compiling thiserror v2.0.17
    Checking futures-channel v0.3.31
    Checking tower-service v0.3.3
   Compiling base64 v0.22.1
   Compiling flume v0.11.1
   Compiling atoi v2.0.0
   Compiling serde_urlencoded v0.7.1
   Compiling futures-executor v0.3.31
   Compiling libsqlite3-sys v0.30.1
    Checking tower-layer v0.3.3
    Checking tokio-stream v0.1.17
    Checking httparse v1.10.1
    Checking http-body-util v0.1.3
    Checking atomic-waker v1.1.2
    Checking httpdate v1.0.3
   Compiling dotenvy v0.15.7
   Compiling hex v0.4.3
    Checking sync_wrapper v1.0.2
    Checking hyper v1.8.1
    Checking mime v0.3.17
    Checking lazy_static v1.5.0
    Checking tower v0.5.2
    Checking nu-ansi-term v0.50.3
    Checking serde_path_to_error v0.1.20
    Checking tracing-log v0.2.0
    Checking sharded-slab v0.1.7
    Checking axum-core v0.4.5
    Checking thread_local v1.1.9
    Checking matchit v0.7.3
    Checking bitflags v2.10.0
    Checking hmac v0.12.1
    Checking tower-http v0.5.2
    Checking sqlx-core v0.8.6
    Checking hyper-util v0.1.18
    Checking tracing-subscriber v0.3.22
    Checking axum v0.7.9
    Checking sqlx-sqlite v0.8.6
   Compiling sqlx-macros-core v0.8.6
   Compiling sqlx-macros v0.8.6
    Checking sqlx v0.8.6
    Checking voting-backend v0.1.0 (D:\D\projet 
sondage backend)
error[E0433]: failed to resolve: could not find 
`EnvFilter` in `tracing_subscriber`
   --> src\main.rs:14:35
    |
 14 |         
.with(tracing_subscriber::EnvFilter::new(
    |                                   ^^^^^^^^^ 
could not find `EnvFilter` in `tracing_subscriber`
    |
note: found an item that was configured out
   --> C:\Users\cleme\.cargo\registry\src\index.cr
ates.io-1949cf8c6b5b557f\tracing-subscriber-0.3.22
\src\lib.rs:239:21
    |
238 |     #![all(feature = "env-filter", feature 
= "std")]
    |            ---------------------- the item 
is gated behind the `env-filter` feature
239 |     pub use filter::EnvFilter;
    |                     ^^^^^^^^^

warning: unused import: `body::Body`
 --> src\security.rs:2:5
  |
2 |     body::Body,
  |     ^^^^^^^^^^
  |
  = note: `#[warn(unused_imports)]` (part of 
`#[warn(unused)]`) on by default

For more information about this error, try `rustc 
--explain E0433`.
warning: `voting-backend` (bin "voting-backend") 
generated 1 warning
error: could not compile `voting-backend` (bin 
"voting-backend") due to 1 previous error; 1 
warning emitted
